{
  "temporaryUserId": "8e8d0f82-89a1-4cc6-ba25-13c864ad09db",
  "confirmCode": "7821"
}
