{
  "statusCode": 401,
  "title": "ユーザ登録エラー",
  "message": "確認コードまたは、セッションキーが無効です。"
}
