{
  "statusCode": 200,
  "message": "お知らせ情報の取得に成功しました。",
  "data": {
    "id": 1,
    "title": "ポイント送付のお知らせ",
    "isChecked": true,
    "description": "斉藤さんよりポイントが100ポイント送付されました。",
    "createdAt": "2022/12/08 11:08:08"
  }
}
