{
  "statusCode": 400,
  "title": "お知らせ取得エラー",
  "message": "IDは数値を指定してください。"
}
