{
  "statusCode": 404,
  "title": "お知らせ取得エラー",
  "message": "データが存在しません。"
}
