{
  "statusCode": 400,
  "title": "パラメータエラー",
  "message": ""
}
