{
  "statusCode": 404,
  "title": "ユーザー削除エラー",
  "message": "データが存在しません。"
}
