{
  "statusCode": 400,
  "title": "お知らせ一覧取得エラー",
  "message": "size: must be an integer number."
}
