{
  "statusCode": 409,
  "title": "メールアドレス仮登録エラー",
  "message": "登録済みのメールアドレスは登録できません。"
}
